JNI_OnLoad
Java_com_poyka_ripdpi_core_NativeEchTlsHandshakeBridge_jniConnect
Java_com_poyka_ripdpi_core_NativeOwnedTlsHttpFetcherNativeBindings_jniExecute
Java_com_poyka_ripdpi_core_NetworkDiagnosticsNativeBindings_jniCancelScan
Java_com_poyka_ripdpi_core_NetworkDiagnosticsNativeBindings_jniCreate
Java_com_poyka_ripdpi_core_NetworkDiagnosticsNativeBindings_jniDestroy
Java_com_poyka_ripdpi_core_NetworkDiagnosticsNativeBindings_jniPollPassiveEvents
Java_com_poyka_ripdpi_core_NetworkDiagnosticsNativeBindings_jniPollProgress
Java_com_poyka_ripdpi_core_NetworkDiagnosticsNativeBindings_jniStartScan
Java_com_poyka_ripdpi_core_NetworkDiagnosticsNativeBindings_jniTakeReport
Java_com_poyka_ripdpi_core_RipDpiCdnEchNativeBindings_jniRefreshCdnEch
Java_com_poyka_ripdpi_core_RipDpiCdnEchNativeBindings_jniSeedCdnEch
Java_com_poyka_ripdpi_core_RipDpiCdnEchNativeBindings_jniSnapshotCdnEch
Java_com_poyka_ripdpi_core_RipDpiPlatformCapabilities_jniSeqovlSupported
Java_com_poyka_ripdpi_core_RipDpiProxyNativeBindings_jniCreate
Java_com_poyka_ripdpi_core_RipDpiProxyNativeBindings_jniDestroy
Java_com_poyka_ripdpi_core_RipDpiProxyNativeBindings_jniGeoDatabaseVersions
Java_com_poyka_ripdpi_core_RipDpiProxyNativeBindings_jniGeoIpMetadata
Java_com_poyka_ripdpi_core_RipDpiProxyNativeBindings_jniIsPcapRecording
Java_com_poyka_ripdpi_core_RipDpiProxyNativeBindings_jniPollTelemetry
Java_com_poyka_ripdpi_core_RipDpiProxyNativeBindings_jniRegisterReadinessListener
Java_com_poyka_ripdpi_core_RipDpiProxyNativeBindings_jniRegisterVpnProtect
Java_com_poyka_ripdpi_core_RipDpiProxyNativeBindings_jniStart
Java_com_poyka_ripdpi_core_RipDpiProxyNativeBindings_jniStartPcapRecording
Java_com_poyka_ripdpi_core_RipDpiProxyNativeBindings_jniStop
Java_com_poyka_ripdpi_core_RipDpiProxyNativeBindings_jniStopPcapRecording
Java_com_poyka_ripdpi_core_RipDpiProxyNativeBindings_jniUnregisterReadinessListener
Java_com_poyka_ripdpi_core_RipDpiProxyNativeBindings_jniUnregisterVpnProtect
Java_com_poyka_ripdpi_core_RipDpiProxyNativeBindings_jniUpdateNetworkSnapshot
Java_com_poyka_ripdpi_core_RipDpiSharedPriorsNativeBindings_jniApplySharedPriors
Java_com_poyka_ripdpi_core_StrategyEngineNativeBindings_injectProbeResultsJson
Java_com_poyka_ripdpi_core_StrategyEngineNativeBindings_luaListStrategies
Java_com_poyka_ripdpi_core_StrategyEngineNativeBindings_luaLoadScript
Java_com_poyka_ripdpi_core_StrategyEngineNativeBindings_luaLoadedScriptPaths
Java_com_poyka_ripdpi_core_StrategyEngineNativeBindings_luaReloadConfig
Java_com_poyka_ripdpi_core_StrategyEngineNativeBindings_luaValidateScript
Java_com_poyka_ripdpi_core_StrategyEngineNativeBindings_validateStrategyConfigText
Java_com_poyka_ripdpi_core_detection_checker_JniNativeSignsBridge_jniSnapshot
Java_com_poyka_ripdpi_diagnostics_dpi_NativeDoqQuicClientNativeBindings_jniExchange
Java_com_poyka_ripdpi_diagnostics_dpi_NativeQuicInitialPacketBindings_jniCreate
