JNI_OnLoad
Java_com_poyka_ripdpi_core_RipDpiAmneziaWgNativeBindings_jniCreate
Java_com_poyka_ripdpi_core_RipDpiAmneziaWgNativeBindings_jniDestroy
Java_com_poyka_ripdpi_core_RipDpiAmneziaWgNativeBindings_jniPollTelemetry
Java_com_poyka_ripdpi_core_RipDpiAmneziaWgNativeBindings_jniRegisterReadinessListener
Java_com_poyka_ripdpi_core_RipDpiAmneziaWgNativeBindings_jniRegisterVpnProtect
Java_com_poyka_ripdpi_core_RipDpiAmneziaWgNativeBindings_jniStart
Java_com_poyka_ripdpi_core_RipDpiAmneziaWgNativeBindings_jniStop
Java_com_poyka_ripdpi_core_RipDpiAmneziaWgNativeBindings_jniUnregisterReadinessListener
Java_com_poyka_ripdpi_core_RipDpiAmneziaWgNativeBindings_jniUnregisterVpnProtect
