JNI_OnLoad
Java_com_poyka_ripdpi_core_Tun2SocksNativeBindings_jniCreate
Java_com_poyka_ripdpi_core_Tun2SocksNativeBindings_jniDestroy
Java_com_poyka_ripdpi_core_Tun2SocksNativeBindings_jniGetIcmpIngressPackets
Java_com_poyka_ripdpi_core_Tun2SocksNativeBindings_jniGetStats
Java_com_poyka_ripdpi_core_Tun2SocksNativeBindings_jniGetTelemetry
Java_com_poyka_ripdpi_core_Tun2SocksNativeBindings_jniRegisterDirectDnsSocketBinderNative
Java_com_poyka_ripdpi_core_Tun2SocksNativeBindings_jniRegisterFlowAttribution
Java_com_poyka_ripdpi_core_Tun2SocksNativeBindings_jniStart
Java_com_poyka_ripdpi_core_Tun2SocksNativeBindings_jniStop
Java_com_poyka_ripdpi_core_Tun2SocksNativeBindings_jniUnregisterDirectDnsSocketBinderNative
Java_com_poyka_ripdpi_core_Tun2SocksNativeBindings_jniUnregisterFlowAttribution
Java_com_poyka_ripdpi_core_TunDeviceQualificationNativeBindings_jniProbeUnprivilegedBindToDevice
Java_com_poyka_ripdpi_core_TunForwardingEvidenceNativeBindings_jniGetForwardingEvidence
Java_com_poyka_ripdpi_jni_PcapBridge_jniPcapListCaptures
Java_com_poyka_ripdpi_jni_PcapBridge_jniPcapRedactToFile
Java_com_poyka_ripdpi_jni_PcapBridge_jniPcapStart
Java_com_poyka_ripdpi_jni_PcapBridge_jniPcapStop
