JNI_OnLoad
Java_com_poyka_ripdpi_core_RipDpiRelayNativeBindings_jniCreate
Java_com_poyka_ripdpi_core_RipDpiRelayNativeBindings_jniDestroy
Java_com_poyka_ripdpi_core_RipDpiRelayNativeBindings_jniPollTelemetry
Java_com_poyka_ripdpi_core_RipDpiRelayNativeBindings_jniRegisterReadinessListener
Java_com_poyka_ripdpi_core_RipDpiRelayNativeBindings_jniRegisterVpnProtect
Java_com_poyka_ripdpi_core_RipDpiRelayNativeBindings_jniStart
Java_com_poyka_ripdpi_core_RipDpiRelayNativeBindings_jniStop
Java_com_poyka_ripdpi_core_RipDpiRelayNativeBindings_jniUnregisterReadinessListener
Java_com_poyka_ripdpi_core_RipDpiRelayNativeBindings_jniUnregisterVpnProtect
