JNI_OnLoad
Java_com_poyka_ripdpi_core_RipDpiWarpNativeBindings_jniCreate
Java_com_poyka_ripdpi_core_RipDpiWarpNativeBindings_jniDestroy
Java_com_poyka_ripdpi_core_RipDpiWarpNativeBindings_jniExecuteProvisioning
Java_com_poyka_ripdpi_core_RipDpiWarpNativeBindings_jniPollTelemetry
Java_com_poyka_ripdpi_core_RipDpiWarpNativeBindings_jniProbeEndpoint
Java_com_poyka_ripdpi_core_RipDpiWarpNativeBindings_jniRegisterReadinessListener
Java_com_poyka_ripdpi_core_RipDpiWarpNativeBindings_jniRegisterVpnProtect
Java_com_poyka_ripdpi_core_RipDpiWarpNativeBindings_jniStart
Java_com_poyka_ripdpi_core_RipDpiWarpNativeBindings_jniStop
Java_com_poyka_ripdpi_core_RipDpiWarpNativeBindings_jniUnregisterReadinessListener
Java_com_poyka_ripdpi_core_RipDpiWarpNativeBindings_jniUnregisterVpnProtect
